1. 北京小吃_百度百科
2. http://baike.baidu.com/view/164845.htm
3. 北京小吃历史悠久、品种繁多、用料讲究、制作精细，堪称有口皆碑。北京小吃都在庙会或沿街集市上叫卖，人们无意中就会碰到，老北京形象地称之为“碰...共38次编辑北京小吃渊源-北京小吃分类-北京小吃样式-北京小吃地点baike.baidu.com/view/164845.htm 2011-3-13


1. 北京特色小吃-北京网
2. http://cyxf.beijing.cn/fuwu/bjtsxc/
3. 北京特色小吃品种多，风味独特。北京特色小吃专题为您详细介绍北京特色小吃的来历传说、风味特色、制作方法、北京著名的特色小吃街以及北京老字号小吃店等相关内容。cyxf.beijing.cn/fuwu/bjtsxc/ 2011-3-28-百度快照


1. 北京小吃_百度图片
2. http://image.baidu.com/i?tn=baiduimage&ct=201326592&lm=-1&cl=2&fr=ala0&word=%B1%B1%BE%A9%D0%A1%B3%D4
3. 约有199,000张北京小吃相关的图片 480x589 70k jpg [推荐]老北京小吃十三绝 -  454x502 52k jpg 灭绝的老北京风味小吃- ┊ 4...image.baidu.com/i?word=北京小吃 ... 2011-4-11


1. 小吃车|麻辣烫小吃车培训|多功能小吃车|烧烤小吃车加盟|小吃车价格
2. http://www.dgnxcc.com/
3. 麻辣烫小吃车项目运营总部好运来是一家专门集烧烤小吃车生产、小吃培训与小吃技术开发、多功能小吃车加盟连锁、餐饮咨询与策划服务为一体的综合性企业,我们小吃车价格性...www.dgnxcc.com/ 2011-4-9-百度快照


1. 在北京市搜索北京小吃_百度地图
2. http://map.baidu.com/?newmap=1&s=con%26wd%3D%E5%8C%97%E4%BA%AC%E5%B0%8F%E5%90%83%26c%3D131&fr=alae0&ext=1
3. 

				A.北京风味小吃北京市霄云路53号

				B.老北京风味小吃- (010)64021229北京市东城区东四六条育芳胡同乙2号

				C.北京小吃店北京市崇文区石板胡同14号
				D.北京小吃坊
北京市朝阳区十里河桥西北角十里彩虹窗...
				E.北京特产小吃北京市东长安街1号西街1号楼

				查看全部1150条结果>>map.baidu.com/


1. :: 新华网 - 饮食频道 ::
2. http://www.xinhuanet.com/food/bdcx_beifang.htm
3. 北方小吃(主要是长江以北的省市：东北三省、北京、河南、河北、江苏、新疆、内蒙古、湖北、安徽等地)历史悠久，享誉神州。吃着&quot;驴打滚&quot;、&quot;蜜麻花&quot;、&quot;爱窝窝&quot;等各式...www.xinhuanet.com/food/bdcx_beifang.htm 2007-1-5-百度快照


1. 吃老北京小吃品百年京味--老北京小吃介绍
2. http://www.nongli.com/Doc/0705/12222853-2.htm
3. 吃老北京小吃品百年京味--老北京小吃介绍 北京娱乐信报 【字：大 中 小】豆汁儿是老北京下午茶 老北京走街串巷的饮食挑子虽然过往频仍，但却并非杂乱无序。无论...www.nongli.com/Doc/0705/12222853-2.htm 2007-5-12-百度快照


1. 小吃车|状元烤蹄烧烤车|多功能小吃车|金日来★★★状元烤蹄烧烤小...
2. http://www.jrlxcc.com.cn/
3. 金日来★★★状元烤蹄多功能小吃车特色小吃加盟总部，历经多年研发创新，精心研制出“金日来状元烤蹄多功能无烟烧烤小吃车，好日子-多功能烧烤小吃车，千古一香-多...www.jrlxcc.com.cn/ 2011-4-9-百度快照


1. 北京小吃|北京特色小吃|北京特色小吃加盟信息-qd8.com.cn
2. http://beijing.qd8.com.cn/meishi1/
3. 特色小吃，为您提供北京特色小吃信息，其中有大量的北京小吃、北京特色小吃、北京小吃加盟信息，为您提供最全的北京特色小吃信息的网络平台。beijing.qd8.com.cn/meishi1/ 2011-3-28-百度快照


1. 北京小吃一条街
2. http://www.aibang.com/recommend/beijing-xiaochijieb.html
3. 刚来北京的人，或是在老北京本地人，对于北京小吃的钟爱有佳。北京的小吃相对...“嘉陵楼”前身“同福居涮鲜肉馆”成立于一九九五年六月，位于京城著名饮食一条街...www.aibang.com/recommend/beijing-xiaochij ... 2010-10-24-百度快照


