1. 北京小吃_百度百科
2. http://baike.baidu.com/view/164845.htm
3. 北京小吃历史悠久、品种繁多、用料讲究、制作精细，堪称有口皆碑。北京小吃都在庙会或沿街集市上叫卖，人们无意中就会碰到，老北京形象地称之为“碰头食”。...北京小吃渊源-北京小吃分类-北京小吃样式-北京小吃地点baike.baidu.com/view/164845.htm-网页快照-类似结果


1. 老北京小吃十三绝[组图]
2. http://gb.cri.cn/3321/2005/04/26/421@528781.htm
3. 2005年4月26日...豆面糕又称驴打滚，是北京小吃中的古老品种之一，它的原料是用黄米面加水蒸熟，和面时稍多加水和软些。另将黄豆炒熟后，轧成粉面。...gb.cri.cn/3321/2005/04/26/421@528781.htm-网页快照-类似结果


1. 北京小吃的图片搜索结果
2. /search?q=%E5%8C%97%E4%BA%AC%E5%B0%8F%E5%90%83&amp;hl=zh-CN&amp;newwindow=1&amp;safe=strict&amp;sa=G&amp;biw=1280&amp;bih=599&amp;prmd=ivnscm&amp;tbm=isch&amp;tbo=u&amp;source=univ&amp;ei=VqCiTcOQJoKucIum0PoB&amp;ved=0CHYQsAQ
3. 


1. 举报图片
2. #
3. 感谢您提供反馈意见。举报其他图片请举报低俗图片。取消完成


1. 
2. /imgres?imgurl=http://image2.sina.com.cn/bj/cr/2006/0125/2157634544.jpg&amp;imgrefurl=http://bj.sina.com.cn/danone/art/2006-01-25/095117803.shtml&amp;h=360&amp;w=450&amp;sz=21&amp;tbnid=XsYo9PXyaInqSM:&amp;tbnh=102&amp;tbnw=127&amp;prev=/search%3Fq%3D%25E5%258C%2597%25E4%25BA%25AC%25E5%25B0%258F%25E5%2590%2583%26tbm%3Disch%26tbo%3Du&amp;zoom=1&amp;q=%E5%8C%97%E4%BA%AC%E5%B0%8F%E5%90%83&amp;hl=zh-CN&amp;usg=__VEfwxz2Rshu__qYYMTHrxqHgWSg=&amp;sa=X&amp;ei=VqCiTcOQJoKucIum0PoB&amp;ved=0CHcQ9QEwCQ
3. 


1. 带你吃遍老北京小吃--奥运特别奉献--千龙生活
2. http://life.qianlong.com/36311/2008/07/04/Zt3902@4525807.htm
3. 爆肚是北京风味小吃中的名吃。 ? 驴打滚 驴打滚是北京小吃中的古老品种之一。...红湖回民小吃店地址： 北京游乐园十字路口东北角 ★ 八福老北京炸酱面馆地址： 北京...life.qianlong.com/36311/2008/.../Zt3902@4525807.htm-网页快照-类似结果


1. 北京自助游攻略：北京小吃介绍- 老北京小吃攻略- 美景旅游博客网
2. http://www.mjjq.com/blog/archives/2041.html
3. 2009年5月14日...美景旅游博客网,吃喝玩乐,北京自助游攻略：北京小吃介绍,本文最后更新于2009-05-14 16:22:23,老北京小吃攻略,北京自助游手册,北京旅游指南,北京小吃街...www.mjjq.com/blog/archives/2041.html-网页快照-类似结果


1. 北京小吃_北京特色小吃,北京小吃加盟
2. http://www.meishij.net/china-food/xiaochi/beijing/
3. Meishi.cc -北京小吃菜谱大全，图文家常北京小吃的做法大全....北京小吃俗称“碰头食”或“菜茶”，融合了汉、回、蒙、满等多民族风味小吃以及明、清宫廷小吃而形成，...www.meishij.net/china-food/xiaochi/beijing/-网页快照-类似结果


1. 北京小吃
2. http://travel.sina.com.cn/z/bjxc.html
3. 糖卷果是北京风味小吃中的名品，深受中外食者青睐…[详细]. 姜汁排叉儿. 姜丝排叉，因而食用时有明显...豌豆黄是北京传统小吃。按北京习俗，农历三月初三要吃…[详细]...travel.sina.com.cn/z/bjxc.html-网页快照-类似结果


1. 北京小吃
2. http://www.chinacity.net/5104/5180/8717/
3. 爱窝窝，北京传统风味小吃，每年农历春节前后，北京的小吃店要上这个品种，一直卖到夏末秋初，所以爱窝窝也属春秋品种，现在一年四季都有供应。...www.chinacity.net &rsaquo;美食&rsaquo;地方小吃&rsaquo;北京小吃-网页快照-类似结果


1. 北京小吃- 小吃技术培训
2. http://www.sy8866.com/product/beijingxiaochi.html
3. 2011年1月10日...北京小吃历史悠久风味独特。并且制作方便，在家里就可以尝试制作，也可以作为致富项目投资经营。本技术项目向您介绍：萨其玛、炒肝、豆腐脑、灌肠、面...www.sy8866.com &rsaquo;小吃的做法-网页快照


1. 北京小吃-北京小吃的做法-怎么做北京小吃
2. http://www.zuocai8.com/tese/bj/
3. 2010年4月9日...所属地区：北京小吃工艺：蒸法藕糕的制作材料：江米粉1250克，鲜藕500克，桂花15克，绵白糖350克，金糕、青梅、瓜条各35克，瓜子仁25克。...www.zuocai8.com &rsaquo;特色小吃-网页快照-类似结果


1. 北京小吃_互动百科
2. http://www.hudong.com/wiki/%E5%8C%97%E4%BA%AC%E5%B0%8F%E5%90%83
3. 北京的风味小吃历史悠久、品种繁多、用料讲究、制作精细，堪称有口皆碑。清代《都门竹枝词》云：“三大钱儿卖好花，切糕鬼腿闹喳喳，清晨一碗甜浆粥，才吃茶汤又面茶；...www.hudong.com/wiki/北京小吃-网页快照-类似结果


